
> try@0.1.0 build
> next build

   Γû▓ Next.js 15.5.12

   Creating an optimized production build ...
> [PWA] Compile server
> [PWA] Compile server
> [PWA] Compile client (static)
> [PWA] Auto register service worker with: C:\Users\surya\Desktop\fffffffffff\kazilen-frontend\node_modules\next-pwa\register.js
> [PWA] Service worker: C:\Users\surya\Desktop\fffffffffff\kazilen-frontend\public\sw.js
> [PWA]   url: /sw.js
> [PWA]   scope: /
> [PWA] Fallback to precache routes when fetch failed from cache or network:
> [PWA]   document (page): /offline.html
 Γ£ô Compiled successfully in 5.0s
   Linting and checking validity of types ...

./src/app/select-address/edit/EditAddressClient.js
33:6  Warning: React Hook useEffect has a missing dependency: 'form'. Either include it or remove the dependency array.  react-hooks/exhaustive-deps

info  - Need to disable some ESLint rules? Learn more here: https://nextjs.org/docs/app/api-reference/config/eslint#disabling-rules
   Collecting page data ...
   Generating static pages (0/20) ...
node.exe : Error occurred prerendering page "/". Read more: 
https://nextjs.org/docs/messages/prerender-error
At C:\Program Files\nodejs\npm.ps1:29 char:3
+   & $NODE_EXE $NPM_CLI_JS $args
+   ~~~~~~~~~~~~~~~~~~~~~~~~~~~~~
    + CategoryInfo          : NotSpecified: (Error occurred 
...prerender-e    rror:String) [], RemoteException
    + FullyQualifiedErrorId : NativeCommandError
 
Error: [nuqs] nuqs requires an adapter to work with your framework.
  See https://nuqs.dev/NUQS-404
    at Object.useAdapter (C:\Users\surya\Desktop\fffffffffff\kazilen-front
end\.next\server\app\page.js:4:81)
    at <unknown> (C:\Users\surya\Desktop\fffffffffff\kazilen-frontend\.nex
t\server\app\page.js:4:8985)
    at V.parse (C:\Users\surya\Desktop\fffffffffff\kazilen-frontend\.next\
server\app\page.js:4:8999)
    at V (C:\Users\surya\Desktop\fffffffffff\kazilen-frontend\.next\server
\app\page.js:4:11367)
    at <unknown> (C:\Users\surya\Desktop\fffffffffff\kazilen-frontend\.nex
t\server\app\page.js:4:11620)
    at W (C:\Users\surya\Desktop\fffffffffff\kazilen-frontend\.next\server
\app\page.js:4:11886) {
  digest: '213653139'
}
Export encountered an error on /page: /, exiting the build.
 Γ¿» Next.js build worker exited with code: 1 and signal: null
